Microchip MPLAB XC8 Compiler V2.31

Linker command line:

-W-3 --edf=C:\Program Files\Microchip\xc8\v2.31\pic\dat\en_msgs.txt -cn \
  -h+dist/default/production\lmm.X.production.sym \
  --cmf=dist/default/production\lmm.X.production.cmf -z -Q16F877A \
  -oC:\Users\kamel\AppData\Local\Temp\s80s.2 \
  -Mdist/default/production/lmm.X.production.map -E1 -ver=XC8 Compiler \
  -ASTACK=0110h-016Fh -pstack=STACK -ACODE=00h-07FFhx4 -ASTRCODE=00h-01FFFh \
  -ASTRING=00h-0FFhx32 -ACONST=00h-0FFhx32 -AENTRY=00h-0FFhx32 \
  -ACOMMON=070h-07Fh -ABANK0=020h-06Fh -ABANK1=0A0h-0EFh \
  -ABANK2=0110h-016Fh -ABANK3=0190h-01EFh \
  -ARAM=020h-06Fh,0A0h-0EFh,0110h-016Fh,0190h-01EFh \
  -AABS1=020h-07Fh,0A0h-0EFh,0110h-016Fh,0190h-01EFh -ASFR0=00h-01Fh \
  -ASFR1=080h-09Fh -ASFR2=0100h-010Fh -ASFR3=0180h-018Fh \
  -ACONFIG=02007h-02007h -DCONFIG=2 -AIDLOC=02000h-02003h -DIDLOC=2 \
  -AEEDATA=00h-0FFh/02100h -peeprom_data=EEDATA -DEEDATA=2 -DCODE=2 \
  -DSTRCODE=2 -DSTRING=2 -DCONST=2 -DENTRY=2 \
  -preset_vec=00h,intentry,init,end_init -ppowerup=CODE -pcinit=CODE \
  -pfunctab=ENTRY -k C:\Users\kamel\AppData\Local\Temp\s80s.obj \
  dist/default/production\lmm.X.production.obj 

Object code version is 3.11

Machine type is 16F877A



                Name                               Link     Load   Length Selector   Space Scale
C:\Users\kamel\AppData\Local\Temp\s80s.obj
                end_init                              0        0        3        0       0
                config                             2007     2007        1        0       4
dist/default/production\lmm.X.production.obj
                cinit                               7ED      7ED       13      FDA       0
                config                             2007     2007        1        0       4
                text14                              1C3      1C3       32      386       0
                text13                              227      227       34      44E       0
                text12                              28F      28F       5E      51E       0
                text11                              35D      35D       75      6BA       0
                text10                              4C6      4C6       9B      98C       0
                text9                               25B      25B       34      4B6       0
                text8                               3D2      3D2       75      7A4       0
                text7                               1F5      1F5       32      3EA       0
                text6                               447      447       7F      88E       0
                text5                               2ED      2ED       70      5DA       0
                text4                               561      561       9C      AC2       0
                text3                               19E      19E        6      33C       0
                text2                               1B2      1B2       11      364       0
                text1                               1A4      1A4        6      348       0
                maintext                            5FD      5FD      1F0      BFA       0
                cstackBANK0                          44       44       1A       20       1
                cstackCOMMON                         70       70        E       70       1
                clrtext                             1AA      1AA        8      354       0
                bssBANK1                             A0       A0       50       A0       1
                bssBANK0                             20       20       24       20       1

TOTAL           Name                               Link     Load   Length     Space
        CLASS   STACK          

        CLASS   CODE           
                end_init                              0        0        3         0
                cinit                               7ED      7ED       13         0
                text14                              1C3      1C3       32         0
                text13                              227      227       34         0
                text12                              28F      28F       5E         0
                text11                              35D      35D       75         0
                text10                              4C6      4C6       9B         0
                text9                               25B      25B       34         0
                text8                               3D2      3D2       75         0
                text7                               1F5      1F5       32         0
                text6                               447      447       7F         0
                text5                               2ED      2ED       70         0
                text4                               561      561       9C         0
                text3                               19E      19E        6         0
                text2                               1B2      1B2       11         0
                text1                               1A4      1A4        6         0
                maintext                            5FD      5FD      1F0         0
                clrtext                             1AA      1AA        8         0

        CLASS   STRCODE        

        CLASS   STRING         

        CLASS   CONST          

        CLASS   ENTRY          

        CLASS   COMMON         
                cstackCOMMON                         70       70        E         1

        CLASS   BANK0          
                cstackBANK0                          44       44       1A         1
                bssBANK0                             20       20       24         1

        CLASS   BANK1          
                bssBANK1                             A0       A0       50         1

        CLASS   BANK2          

        CLASS   BANK3          

        CLASS   RAM            

        CLASS   ABS1           
                abs_s1                               7E       7E        2         1

        CLASS   SFR0           

        CLASS   SFR1           

        CLASS   SFR2           

        CLASS   SFR3           

        CLASS   CONFIG         
                config                             2007     2007        1         4

        CLASS   IDLOC          

        CLASS   EEDATA         



SEGMENTS        Name                           Load    Length   Top    Selector   Space  Class     Delta

                reset_vec                      000000  000003  000003         0       0  CODE        2
                bssBANK0                       000020  00003E  00005E        20       1  BANK0       1
                cstackCOMMON                   000070  00000E  00007E        70       1  COMMON      1
                bssBANK1                       0000A0  000050  0000F0        A0       1  BANK1       1
                text3                          00019E  000006  0001A4       33C       0  CODE        2
                text1                          0001A4  000006  0001AA       348       0  CODE        2
                clrtext                        0001AA  000008  0001B2       354       0  CODE        2
                text2                          0001B2  000011  0001C3       364       0  CODE        2
                text14                         0001C3  000032  0001F5       386       0  CODE        2
                text7                          0001F5  000032  000227       3EA       0  CODE        2
                text13                         000227  000034  00025B       44E       0  CODE        2
                text9                          00025B  000034  00028F       4B6       0  CODE        2
                text12                         00028F  00005E  0002ED       51E       0  CODE        2
                text5                          0002ED  000070  00035D       5DA       0  CODE        2
                text11                         00035D  000075  0003D2       6BA       0  CODE        2
                text8                          0003D2  000075  000447       7A4       0  CODE        2
                text6                          000447  00007F  0004C6       88E       0  CODE        2
                text10                         0004C6  00009B  000561       98C       0  CODE        2
                text4                          000561  00009C  0005FD       AC2       0  CODE        2
                maintext                       0005FD  0001F0  0007ED       BFA       0  CODE        2
                cinit                          0007ED  000013  000800       FDA       0  CODE        2


UNUSED ADDRESS RANGES

        Name                Unused          Largest block    Delta
        BANK0            005E-006F             12           1
        BANK2            0110-016F             60           1
        BANK3            0190-01EF             60           1
        CODE             0003-019D            19B           2
                         0800-1FFF            800
        CONST            0003-019D             FD           2
                         0800-1FFF            100
        EEDATA           2100-21FF            100           2
        ENTRY            0003-019D             FD           2
                         0800-1FFF            100
        IDLOC            2000-2003              4           2
        RAM              005E-006F             12           1
                         0110-016F             60
                         0190-01EF             60
        SFR0             0000-001F             20           1
        SFR1             0080-009F             20           1
        SFR2             0100-010F             10           1
        SFR3             0180-018F             10           1
        STACK            0110-016F             60           1
        STRCODE          0003-019D            19B           2
                         0800-1FFF           1800
        STRING           0003-019D             FD           2
                         0800-1FFF            100

                                  Symbol Table

?_ADC_Read                cstackCOMMON 0070
?_ADC_Read1               cstackCOMMON 0070
?___lldiv                 cstackCOMMON 0070
ADC1@i                    cstackBANK0  0059
ADC3@i                    cstackBANK0  004C
ADC_Read1@channel         cstackCOMMON 0070
ADC_Read@channel          cstackCOMMON 0070
Shi@i                     cstackCOMMON 0074
Shift@i                   cstackCOMMON 0074
UART_send_char@bt         cstackCOMMON 0070
_ADC1                     text10       04C6
_ADC2                     text5        02ED
_ADC3                     text4        0561
_ADCON0                   (abs)        001F
_ADCON1                   (abs)        009F
_ADC_Init                 text3        019E
_ADC_Read                 text14       01C3
_ADC_Read1                text7        01F5
_ADRESH                   (abs)        001E
_ADRESL                   (abs)        009E
_BRGH                     (abs)        04C2
_CREN                     (abs)        00C4
_GO_nDONE                 (abs)        00FA
_Initialize_UART          text2        01B2
_PORTB                    (abs)        0006
_PORTD                    (abs)        0008
_RB0                      (abs)        0030
_RX9                      (abs)        00C6
_SPBRG                    (abs)        0099
_SPEN                     (abs)        00C7
_SYNC                     (abs)        04C4
_Shi                      text9        025B
_Shift                    text13       0227
_TRISA                    (abs)        0085
_TRISB                    (abs)        0086
_TRISC                    (abs)        0087
_TRISC6                   (abs)        043E
_TRISC7                   (abs)        043F
_TRISD                    (abs)        0088
_TRISE                    (abs)        0089
_TX9                      (abs)        04C6
_TXEN                     (abs)        04C5
_TXREG                    (abs)        0019
_UART_send_char           text1        01A4
__Habs1                   abs1         0000
__Hbank0                  bank0        0000
__Hbank1                  bank1        0000
__Hbank2                  bank2        0000
__Hbank3                  bank3        0000
__HbssBANK0               bssBANK0     0000
__HbssBANK1               bssBANK1     0000
__Hcinit                  cinit        0800
__Hclrtext                clrtext      0000
__Hcode                   code         0000
__Hcommon                 common       0000
__Hconfig                 config       2008
__HcstackBANK0            cstackBANK0  0000
__HcstackCOMMON           cstackCOMMON 0000
__Heeprom_data            eeprom_data  0000
__Hend_init               end_init     0003
__Hfunctab                functab      0000
__Hinit                   init         0000
__Hintentry               intentry     0000
__Hmaintext               maintext     0000
__Hpowerup                powerup      0000
__Hram                    ram          0000
__Hreset_vec              reset_vec    0000
__Hsfr0                   sfr0         0000
__Hsfr1                   sfr1         0000
__Hsfr2                   sfr2         0000
__Hsfr3                   sfr3         0000
__Hspace_0                (abs)        0800
__Hspace_1                (abs)        00F0
__Hspace_2                (abs)        0000
__Hspace_3                (abs)        0000
__Hspace_4                (abs)        400F
__Hstack                  stack        0000
__Hstrings                strings      0000
__Htext                   text         0000
__Labs1                   abs1         0000
__Lbank0                  bank0        0000
__Lbank1                  bank1        0000
__Lbank2                  bank2        0000
__Lbank3                  bank3        0000
__LbssBANK0               bssBANK0     0000
__LbssBANK1               bssBANK1     0000
__Lcinit                  cinit        07ED
__Lclrtext                clrtext      0000
__Lcode                   code         0000
__Lcommon                 common       0000
__Lconfig                 config       0000
__LcstackBANK0            cstackBANK0  0000
__LcstackCOMMON           cstackCOMMON 0000
__Leeprom_data            eeprom_data  0000
__Lend_init               end_init     0000
__Lfunctab                functab      0000
__Linit                   init         0000
__Lintentry               intentry     0000
__Lmaintext               maintext     0000
__Lpowerup                powerup      0000
__Lram                    ram          0000
__Lreset_vec              reset_vec    0000
__Lsfr0                   sfr0         0000
__Lsfr1                   sfr1         0000
__Lsfr2                   sfr2         0000
__Lsfr3                   sfr3         0000
__Lspace_0                (abs)        0000
__Lspace_1                (abs)        0000
__Lspace_2                (abs)        0000
__Lspace_3                (abs)        0000
__Lspace_4                (abs)        0000
__Lstack                  stack        0000
__Lstrings                strings      0000
__Ltext                   text         0000
__S0                      (abs)        0800
__S1                      (abs)        00F0
__S2                      (abs)        0000
__S3                      (abs)        0000
___int_sp                 stack        0000
___latbits                (abs)        0002
___lldiv                  text12       028F
___lldiv@counter          cstackCOMMON 007D
___lldiv@dividend         cstackCOMMON 0074
___lldiv@divisor          cstackCOMMON 0070
___lldiv@quotient         cstackCOMMON 0079
___sp                     stack        0000
___stackhi                (abs)        0000
___stacklo                (abs)        0000
__end_of_ADC1             text10       0561
__end_of_ADC2             text5        035D
__end_of_ADC3             text4        05FD
__end_of_ADC_Init         text3        01A4
__end_of_ADC_Read         text14       01F5
__end_of_ADC_Read1        text7        0227
__end_of_Initialize_UART  text2        01C3
__end_of_Shi              text9        028F
__end_of_Shift            text13       025B
__end_of_UART_send_char   text1        01AA
__end_of___lldiv          text12       02ED
__end_of__initialization  cinit        07FC
__end_of_aver             text8        0447
__end_of_averge           text11       03D2
__end_of_main             maintext     07ED
__end_of_num              text6        04C6
__initialization          cinit        07ED
__pbssBANK0               bssBANK0     0020
__pbssBANK1               bssBANK1     00A0
__pcstackBANK0            cstackBANK0  0044
__pcstackCOMMON           cstackCOMMON 0070
__pmaintext               maintext     05FD
__ptext1                  text1        01A4
__ptext10                 text10       04C6
__ptext11                 text11       035D
__ptext12                 text12       028F
__ptext13                 text13       0227
__ptext14                 text14       01C3
__ptext2                  text2        01B2
__ptext3                  text3        019E
__ptext4                  text4        0561
__ptext5                  text5        02ED
__ptext6                  text6        0447
__ptext7                  text7        01F5
__ptext8                  text8        03D2
__ptext9                  text9        025B
__size_of_ADC1            (abs)        0000
__size_of_ADC2            (abs)        0000
__size_of_ADC3            (abs)        0000
__size_of_ADC_Init        (abs)        0000
__size_of_ADC_Read        (abs)        0000
__size_of_ADC_Read1       (abs)        0000
__size_of_Initialize_UART (abs)        0000
__size_of_Shi             (abs)        0000
__size_of_Shift           (abs)        0000
__size_of_UART_send_char  (abs)        0000
__size_of___lldiv         (abs)        0000
__size_of_aver            (abs)        0000
__size_of_averge          (abs)        0000
__size_of_main            (abs)        0000
__size_of_num             (abs)        0000
_acc                      bssBANK1     00DC
_av                       bssBANK0     0024
_aver                     text8        03D2
_averge                   text11       035D
_c                        bssBANK0     0036
_check                    bssBANK0     003C
_co                       bssBANK0     0020
_courant                  bssBANK0     002E
_currentH                 bssBANK0     003F
_currentL                 bssBANK0     003E
_data                     bssBANK1     00A0
_k                        bssBANK0     0030
_main                     maintext     05FD
_num                      text6        0447
_rpt                      bssBANK0     0038
_s                        bssBANK0     003D
_somme                    bssBANK0     0028
_temp                     bssBANK0     0032
_tempH                    bssBANK0     0041
_tempL                    bssBANK0     0040
_tension                  bssBANK0     002C
_tensionH                 bssBANK0     0042
_tensionL                 bssBANK0     0043
_val                      bssBANK0     003A
_value                    bssBANK0     0034
aver@i                    cstackBANK0  004F
averge@i                  cstackBANK0  004F
btemp                     (abs)        007E
clear_ram0                clrtext      01AA
end_of_initialization     cinit        07FC
intlevel0                 functab      0000
intlevel1                 functab      0000
intlevel2                 functab      0000
intlevel3                 functab      0000
intlevel4                 functab      0000
intlevel5                 functab      0000
num@i                     cstackBANK0  004C
reset_vec                 reset_vec    0000
start                     init         0000
start_initialization      cinit        07ED
wtemp0                    (abs)        007E


FUNCTION INFORMATION:

 *************** function _main *****************
 Defined at:
		line 264 in file "nb.c"
 Parameters:    Size  Location     Type
		None
 Auto vars:     Size  Location     Type
		None
 Return value:  Size  Location     Type
                  1    wreg      void 
 Registers used:
		wreg, fsr0l, fsr0h, status,2, status,0, btemp+1, pclath, cstack
 Tracked objects:
		On entry : 
		On exit  : 
		Unchanged: 
 Data sizes:     COMMON   BANK0   BANK1   BANK3   BANK2
      Params:         0       0       0       0       0
      Locals:         0       0       0       0       0
      Temps:          0       3       0       0       0
      Totals:         0       3       0       0       0
Total ram usage:        3 bytes
 Hardware stack levels required when called:    3
 This function calls:
		_ADC1
		_ADC2
		_ADC3
		_ADC_Init
		_Initialize_UART
		_UART_send_char
 This function is called by:
		Startup code after reset
 This function uses a non-reentrant model


 *************** function _UART_send_char *****************
 Defined at:
		line 258 in file "nb.c"
 Parameters:    Size  Location     Type
  bt              1    wreg     unsigned char 
 Auto vars:     Size  Location     Type
  bt              1    0[COMMON] unsigned char 
 Return value:  Size  Location     Type
                  1    wreg      void 
 Registers used:
		wreg
 Tracked objects:
		On entry : 
		On exit  : 
		Unchanged: 
 Data sizes:     COMMON   BANK0   BANK1   BANK3   BANK2
      Params:         0       0       0       0       0
      Locals:         1       0       0       0       0
      Temps:          0       0       0       0       0
      Totals:         1       0       0       0       0
Total ram usage:        1 bytes
 Hardware stack levels used:    1
 This function calls:
		Nothing
 This function is called by:
		_main
 This function uses a non-reentrant model


 *************** function _Initialize_UART *****************
 Defined at:
		line 230 in file "nb.c"
 Parameters:    Size  Location     Type
		None
 Auto vars:     Size  Location     Type
		None
 Return value:  Size  Location     Type
                  1    wreg      void 
 Registers used:
		wreg
 Tracked objects:
		On entry : 
		On exit  : 
		Unchanged: 
 Data sizes:     COMMON   BANK0   BANK1   BANK3   BANK2
      Params:         0       0       0       0       0
      Locals:         0       0       0       0       0
      Temps:          0       0       0       0       0
      Totals:         0       0       0       0       0
Total ram usage:        0 bytes
 Hardware stack levels used:    1
 This function calls:
		Nothing
 This function is called by:
		_main
 This function uses a non-reentrant model


 *************** function _ADC_Init *****************
 Defined at:
		line 30 in file "nb.c"
 Parameters:    Size  Location     Type
		None
 Auto vars:     Size  Location     Type
		None
 Return value:  Size  Location     Type
                  1    wreg      void 
 Registers used:
		wreg
 Tracked objects:
		On entry : 
		On exit  : 
		Unchanged: 
 Data sizes:     COMMON   BANK0   BANK1   BANK3   BANK2
      Params:         0       0       0       0       0
      Locals:         0       0       0       0       0
      Temps:          0       0       0       0       0
      Totals:         0       0       0       0       0
Total ram usage:        0 bytes
 Hardware stack levels used:    1
 This function calls:
		Nothing
 This function is called by:
		_main
 This function uses a non-reentrant model


 *************** function _ADC3 *****************
 Defined at:
		line 208 in file "nb.c"
 Parameters:    Size  Location     Type
		None
 Auto vars:     Size  Location     Type
  i               2    8[BANK0 ] int 
 Return value:  Size  Location     Type
                  1    wreg      void 
 Registers used:
		wreg, status,2, status,0, btemp+1, pclath, cstack
 Tracked objects:
		On entry : 
		On exit  : 
		Unchanged: 
 Data sizes:     COMMON   BANK0   BANK1   BANK3   BANK2
      Params:         0       0       0       0       0
      Locals:         0       2       0       0       0
      Temps:          0       8       0       0       0
      Totals:         0      10       0       0       0
Total ram usage:       10 bytes
 Hardware stack levels used:    1
 Hardware stack levels required when called:    1
 This function calls:
		_ADC_Read
		___lldiv
 This function is called by:
		_main
 This function uses a non-reentrant model


 *************** function _ADC2 *****************
 Defined at:
		line 161 in file "nb.c"
 Parameters:    Size  Location     Type
		None
 Auto vars:     Size  Location     Type
		None
 Return value:  Size  Location     Type
                  1    wreg      void 
 Registers used:
		wreg, fsr0l, fsr0h, status,2, status,0, btemp+1, pclath, cstack
 Tracked objects:
		On entry : 
		On exit  : 
		Unchanged: 
 Data sizes:     COMMON   BANK0   BANK1   BANK3   BANK2
      Params:         0       0       0       0       0
      Locals:         0       0       0       0       0
      Temps:          0       1       0       0       0
      Totals:         0       1       0       0       0
Total ram usage:        1 bytes
 Hardware stack levels used:    1
 Hardware stack levels required when called:    2
 This function calls:
		_Shi
		_aver
		_num
 This function is called by:
		_main
 This function uses a non-reentrant model


 *************** function _num *****************
 Defined at:
		line 140 in file "nb.c"
 Parameters:    Size  Location     Type
		None
 Auto vars:     Size  Location     Type
  i               2    8[BANK0 ] int 
 Return value:  Size  Location     Type
                  1    wreg      void 
 Registers used:
		wreg, status,2, status,0, btemp+1, pclath, cstack
 Tracked objects:
		On entry : 
		On exit  : 
		Unchanged: 
 Data sizes:     COMMON   BANK0   BANK1   BANK3   BANK2
      Params:         0       0       0       0       0
      Locals:         0       2       0       0       0
      Temps:          0       8       0       0       0
      Totals:         0      10       0       0       0
Total ram usage:       10 bytes
 Hardware stack levels used:    1
 Hardware stack levels required when called:    1
 This function calls:
		_ADC_Read1
		___lldiv
 This function is called by:
		_ADC2
 This function uses a non-reentrant model


 *************** function _ADC_Read1 *****************
 Defined at:
		line 55 in file "nb.c"
 Parameters:    Size  Location     Type
  channel         2    0[COMMON] unsigned int 
 Auto vars:     Size  Location     Type
		None
 Return value:  Size  Location     Type
                  2    0[COMMON] unsigned int 
 Registers used:
		wreg, status,2, status,0
 Tracked objects:
		On entry : 
		On exit  : 
		Unchanged: 
 Data sizes:     COMMON   BANK0   BANK1   BANK3   BANK2
      Params:         2       0       0       0       0
      Locals:         0       0       0       0       0
      Temps:          2       0       0       0       0
      Totals:         4       0       0       0       0
Total ram usage:        4 bytes
 Hardware stack levels used:    1
 This function calls:
		Nothing
 This function is called by:
		_num
 This function uses a non-reentrant model


 *************** function _aver *****************
 Defined at:
		line 104 in file "nb.c"
 Parameters:    Size  Location     Type
		None
 Auto vars:     Size  Location     Type
  i               2   11[BANK0 ] int 
 Return value:  Size  Location     Type
                  1    wreg      void 
 Registers used:
		wreg, fsr0l, fsr0h, status,2, status,0, btemp+1, pclath, cstack
 Tracked objects:
		On entry : 
		On exit  : 
		Unchanged: 
 Data sizes:     COMMON   BANK0   BANK1   BANK3   BANK2
      Params:         0       0       0       0       0
      Locals:         0       2       0       0       0
      Temps:          0      11       0       0       0
      Totals:         0      13       0       0       0
Total ram usage:       13 bytes
 Hardware stack levels used:    1
 Hardware stack levels required when called:    1
 This function calls:
		___lldiv
 This function is called by:
		_ADC2
 This function uses a non-reentrant model


 *************** function _Shi *****************
 Defined at:
		line 93 in file "nb.c"
 Parameters:    Size  Location     Type
		None
 Auto vars:     Size  Location     Type
  i               2    4[COMMON] int 
 Return value:  Size  Location     Type
                  1    wreg      void 
 Registers used:
		wreg, fsr0l, fsr0h, status,2, status,0, btemp+1
 Tracked objects:
		On entry : 
		On exit  : 
		Unchanged: 
 Data sizes:     COMMON   BANK0   BANK1   BANK3   BANK2
      Params:         0       0       0       0       0
      Locals:         2       0       0       0       0
      Temps:          4       0       0       0       0
      Totals:         6       0       0       0       0
Total ram usage:        6 bytes
 Hardware stack levels used:    1
 This function calls:
		Nothing
 This function is called by:
		_ADC2
 This function uses a non-reentrant model


 *************** function _ADC1 *****************
 Defined at:
		line 119 in file "nb.c"
 Parameters:    Size  Location     Type
		None
 Auto vars:     Size  Location     Type
  i               2   21[BANK0 ] int 
 Return value:  Size  Location     Type
                  1    wreg      void 
 Registers used:
		wreg, fsr0l, fsr0h, status,2, status,0, btemp+1, pclath, cstack
 Tracked objects:
		On entry : 
		On exit  : 
		Unchanged: 
 Data sizes:     COMMON   BANK0   BANK1   BANK3   BANK2
      Params:         0       0       0       0       0
      Locals:         0       2       0       0       0
      Temps:          0       8       0       0       0
      Totals:         0      10       0       0       0
Total ram usage:       10 bytes
 Hardware stack levels used:    1
 Hardware stack levels required when called:    2
 This function calls:
		_ADC_Read
		_Shift
		___lldiv
		_averge
 This function is called by:
		_main
 This function uses a non-reentrant model


 *************** function _averge *****************
 Defined at:
		line 81 in file "nb.c"
 Parameters:    Size  Location     Type
		None
 Auto vars:     Size  Location     Type
  i               2   11[BANK0 ] int 
 Return value:  Size  Location     Type
                  1    wreg      void 
 Registers used:
		wreg, fsr0l, fsr0h, status,2, status,0, btemp+1, pclath, cstack
 Tracked objects:
		On entry : 
		On exit  : 
		Unchanged: 
 Data sizes:     COMMON   BANK0   BANK1   BANK3   BANK2
      Params:         0       0       0       0       0
      Locals:         0       2       0       0       0
      Temps:          0      11       0       0       0
      Totals:         0      13       0       0       0
Total ram usage:       13 bytes
 Hardware stack levels used:    1
 Hardware stack levels required when called:    1
 This function calls:
		___lldiv
 This function is called by:
		_ADC1
 This function uses a non-reentrant model


 *************** function ___lldiv *****************
 Defined at:
		line 5 in file "C:\Program Files\Microchip\xc8\v2.31\pic\sources\c90\common\__lldiv.c"
 Parameters:    Size  Location     Type
  divisor         4    0[COMMON] unsigned long 
  dividend        4    4[COMMON] unsigned long 
 Auto vars:     Size  Location     Type
  quotient        4    9[COMMON] unsigned long 
  counter         1   13[COMMON] unsigned char 
 Return value:  Size  Location     Type
                  4    0[COMMON] unsigned long 
 Registers used:
		wreg, status,2, status,0
 Tracked objects:
		On entry : 
		On exit  : 
		Unchanged: 
 Data sizes:     COMMON   BANK0   BANK1   BANK3   BANK2
      Params:         8       0       0       0       0
      Locals:         5       0       0       0       0
      Temps:          1       0       0       0       0
      Totals:        14       0       0       0       0
Total ram usage:       14 bytes
 Hardware stack levels used:    1
 This function calls:
		Nothing
 This function is called by:
		_averge
		_aver
		_ADC1
		_num
		_ADC3
 This function uses a non-reentrant model


 *************** function _Shift *****************
 Defined at:
		line 70 in file "nb.c"
 Parameters:    Size  Location     Type
		None
 Auto vars:     Size  Location     Type
  i               2    4[COMMON] int 
 Return value:  Size  Location     Type
                  1    wreg      void 
 Registers used:
		wreg, fsr0l, fsr0h, status,2, status,0, btemp+1
 Tracked objects:
		On entry : 
		On exit  : 
		Unchanged: 
 Data sizes:     COMMON   BANK0   BANK1   BANK3   BANK2
      Params:         0       0       0       0       0
      Locals:         2       0       0       0       0
      Temps:          4       0       0       0       0
      Totals:         6       0       0       0       0
Total ram usage:        6 bytes
 Hardware stack levels used:    1
 This function calls:
		Nothing
 This function is called by:
		_ADC1
 This function uses a non-reentrant model


 *************** function _ADC_Read *****************
 Defined at:
		line 36 in file "nb.c"
 Parameters:    Size  Location     Type
  channel         2    0[COMMON] unsigned int 
 Auto vars:     Size  Location     Type
		None
 Return value:  Size  Location     Type
                  2    0[COMMON] unsigned int 
 Registers used:
		wreg, status,2, status,0
 Tracked objects:
		On entry : 
		On exit  : 
		Unchanged: 
 Data sizes:     COMMON   BANK0   BANK1   BANK3   BANK2
      Params:         2       0       0       0       0
      Locals:         0       0       0       0       0
      Temps:          2       0       0       0       0
      Totals:         4       0       0       0       0
Total ram usage:        4 bytes
 Hardware stack levels used:    1
 This function calls:
		Nothing
 This function is called by:
		_ADC1
		_ADC3
 This function uses a non-reentrant model



MODULE INFORMATION

Module		Function		Class		Link	Load	Size
C:\Program Files\Microchip\xc8\v2.31\pic\sources\c90\common\__lldiv.c
		___lldiv       		CODE           	028F	0000	94

C:\Program Files\Microchip\xc8\v2.31\pic\sources\c90\common\__lldiv.c estimated size: 94

nb.c
		_averge        		CODE           	035D	0000	117
		_main          		CODE           	05FD	0000	496
		_ADC1          		CODE           	04C6	0000	155
		_ADC2          		CODE           	02ED	0000	112
		_Shift         		CODE           	0227	0000	52
		_num           		CODE           	0447	0000	127
		_ADC3          		CODE           	0561	0000	156
		_Shi           		CODE           	025B	0000	52
		_aver          		CODE           	03D2	0000	117
		_UART_send_char		CODE           	01A4	0000	6
		_ADC_Read      		CODE           	01C3	0000	50
		_ADC_Read1     		CODE           	01F5	0000	50
		_Initialize_UART		CODE           	01B2	0000	17
		_ADC_Init      		CODE           	019E	0000	6

nb.c estimated size: 1513

shared
		__initialization		CODE           	07ED	0000	15

shared estimated size: 15

